{"logTime": "0714/181830", "correlationVector":"U2zfCDoNv47ox+Qq4UJ5dU.1","action":"SyncServerConnectionManagerRequest", "result":"SYNC_SERVER_OK", "context":{"environment":"Prod_southindia_prod-s01-004-apac-southindia", "migrationStage":"NotStarted", "server":"akswtt10600002l"}}
{"logTime": "0714/181830", "correlationVector":"U2zfCDoNv47ox+Qq4UJ5dU.2","action":"ProcessGetUpdates", "result":"Done", "context":{"dataType":"Encryption Keys", "deleted":"0", "process_failed_to_decrypt":"0", "process_pending_decryption":"0", "process_success":"1", "total":"1"}}
{"logTime": "0714/181833", "correlationVector":"pLuR4EKrUvm8199zPy53z0","action":"SyncServerConnectionManagerRequest", "result":"SYNC_SERVER_OK", "context":{"environment":"", "migrationStage":"", "server":""}}
{"logTime": "0714/181833", "correlationVector":"pLuR4EKrUvm8199zPy53z0.0","action":"EncryptionKeysFetcher.DownloadKeys:", "result":"Success", "context":Key count: 3, Last key timestamp: 2026-04-27T03:33:17Z}
{"logTime": "0714/181833", "correlationVector":"pLuR4EKrUvm8199zPy53z0.1","action":"EncryptionKeysManager::SetEncryptionKeys:", "result":"Success", "context":Key names[3]:[ckvv1qDP29y+zYBdaJismLHY/imWopf9u3O0AS2f3O+96YzoYwO9x+trKDF1DBKAkxF1lM6ev/2mHyJr1uNHXg==][zQzd/D+Dn+GWn5DE6rWk2caTmf3sUgfGjDJZJto6QfeZaQCz3mqOCKYGMfiSGKBbL7L6R5K3fHx+UYopGopaGg==][wIF6XGrcfKpE9YDUP6J4R/xa5MbCVfpRdaetme8XEuDtCEEKSYzr0sToORp6M7zx5DJn2cd4RlvZ1E+soO4xdA==]}
{"logTime": "0714/181833", "correlationVector":"pLuR4EKrUvm8199zPy53z0.2","action":"EncryptionKeysManager::SetEncryptionKeysWithTimestamps:", "result":"Success", "context":Key timestamps[3]:[2025-03-30T08:03:36Z][2025-10-16T09:21:56Z][2026-04-27T03:33:17Z]}
{"logTime": "0714/181833", "correlationVector":"U2zfCDoNv47ox+Qq4UJ5dU","action":"Initial GetUpdates", "result":"", "context":Reason: NEW_CLIENT. cV=U2zfCDoNv47ox+Qq4UJ5dU}
{"logTime": "0714/181833", "correlationVector":"U2zfCDoNv47ox+Qq4UJ5dU.3","action":"GetUpdates Response", "result":"Success", "context":Received 1 update(s). cV=U2zfCDoNv47ox+Qq4UJ5dU.0;server=akswtt10600002l;cloudType=Consumer;environment=Prod_southindia_prod-s01-004-apac-southindia;migrationStage=NotStarted}
{"logTime": "0714/181833", "correlationVector":"rx+q23F6leZE+w+agZKz9T","action":"Initial GetUpdates", "result":"", "context":Reason: NEWLY_SUPPORTED_DATATYPE. cV=rx+q23F6leZE+w+agZKz9T}
{"logTime": "0714/181834", "correlationVector":"rx+q23F6leZE+w+agZKz9T.1","action":"SyncServerConnectionManagerRequest", "result":"SYNC_SERVER_OK", "context":{"environment":"Prod_southindia_prod-s01-004-apac-southindia", "migrationStage":"NotStarted", "server":"akswtt106000009"}}
{"logTime": "0714/181834", "correlationVector":"rx+q23F6leZE+w+agZKz9T.2","action":"ProcessGetUpdates", "result":"Done", "context":{"dataType":"Passwords", "deleted":"0", "process_failed_to_decrypt":"0", "process_pending_decryption":"0", "process_success":"21", "total":"21"}}
{"logTime": "0714/181834", "correlationVector":"rx+q23F6leZE+w+agZKz9T.3","action":"ProcessGetUpdates", "result":"Done", "context":{"dataType":"Device Info", "deleted":"0", "process_failed_to_decrypt":"0", "process_pending_decryption":"0", "process_success":"18", "total":"18"}}
{"logTime": "0714/181834", "correlationVector":"rx+q23F6leZE+w+agZKz9T.4","action":"GetUpdates Response", "result":"Success", "context":Received 39 update(s). cV=rx+q23F6leZE+w+agZKz9T.0;server=akswtt106000009;cloudType=Consumer;environment=Prod_southindia_prod-s01-004-apac-southindia;migrationStage=NotStarted}
{"logTime": "0714/181834", "correlationVector":"SEWF0WSwRxwDyBUq9DpEMe","action":"Initial GetUpdates", "result":"", "context":Reason: NEWLY_SUPPORTED_DATATYPE. cV=SEWF0WSwRxwDyBUq9DpEMe}
{"logTime": "0714/181836", "correlationVector":"SEWF0WSwRxwDyBUq9DpEMe.1","action":"SyncServerConnectionManagerRequest", "result":"SYNC_SERVER_OK", "context":{"environment":"Prod_southindia_prod-s01-004-apac-southindia", "migrationStage":"NotStarted", "server":"akswtt10600002e"}}
{"logTime": "0714/181836", "correlationVector":"SEWF0WSwRxwDyBUq9DpEMe.2","action":"ProcessGetUpdates", "result":"Done", "context":{"dataType":"Bookmarks", "deleted":"0", "process_failed_to_decrypt":"0", "process_pending_decryption":"0", "process_success":"6", "total":"6"}}
{"logTime": "0714/181836", "correlationVector":"SEWF0WSwRxwDyBUq9DpEMe.3","action":"ProcessGetUpdates", "result":"Done", "context":{"dataType":"Preferences", "deleted":"0", "process_failed_to_decrypt":"0", "process_pending_decryption":"0", "process_success":"51", "total":"51"}}
{"logTime": "0714/181836", "correlationVector":"SEWF0WSwRxwDyBUq9DpEMe.4","action":"ProcessGetUpdates", "result":"Done", "context":{"dataType":"Autofill Profiles", "deleted":"0", "process_failed_to_decrypt":"0", "process_pending_decryption":"0", "process_success":"7", "total":"7"}}
{"logTime": "0714/181836", "correlationVector":"SEWF0WSwRxwDyBUq9DpEMe.5","action":"ProcessGetUpdates", "result":"Done", "context":{"dataType":"Autofill", "deleted":"0", "process_failed_to_decrypt":"0", "process_pending_decryption":"0", "process_success":"175", "total":"175"}}
{"logTime": "0714/181836", "correlationVector":"SEWF0WSwRxwDyBUq9DpEMe.6","action":"ProcessGetUpdates", "result":"Done", "context":{"dataType":"Sessions", "deleted":"1", "process_failed_to_decrypt":"0", "process_pending_decryption":"0", "process_success":"1", "total":"1"}}
{"logTime": "0714/181836", "correlationVector":"SEWF0WSwRxwDyBUq9DpEMe.7","action":"ProcessGetUpdates", "result":"Done", "context":{"dataType":"Web Apps", "deleted":"0", "process_failed_to_decrypt":"0", "process_pending_decryption":"0", "process_success":"10", "total":"10"}}
{"logTime": "0714/181836", "correlationVector":"SEWF0WSwRxwDyBUq9DpEMe.8","action":"GetUpdates Response", "result":"Success", "context":Received 250 update(s). cV=SEWF0WSwRxwDyBUq9DpEMe.0;server=akswtt10600002e;cloudType=Consumer;environment=Prod_southindia_prod-s01-004-apac-southindia;migrationStage=NotStarted Some updates remain.}
{"logTime": "0714/181836", "correlationVector":"fu8WiG+LZBZXegmgyZ+65Y","action":"Initial GetUpdates", "result":"", "context":Reason: NEWLY_SUPPORTED_DATATYPE. cV=fu8WiG+LZBZXegmgyZ+65Y}
{"logTime": "0714/181837", "correlationVector":"fu8WiG+LZBZXegmgyZ+65Y.1","action":"SyncServerConnectionManagerRequest", "result":"SYNC_SERVER_OK", "context":{"environment":"Prod_southindia_prod-s01-004-apac-southindia", "migrationStage":"NotStarted", "server":"akswtt10600000r"}}
{"logTime": "0714/181837", "correlationVector":"fu8WiG+LZBZXegmgyZ+65Y.2","action":"ProcessGetUpdates", "result":"Done", "context":{"dataType":"Preferences", "deleted":"0", "process_failed_to_decrypt":"0", "process_pending_decryption":"0", "process_success":"10", "total":"10"}}
{"logTime": "0714/181837", "correlationVector":"fu8WiG+LZBZXegmgyZ+65Y.3","action":"ProcessGetUpdates", "result":"Done", "context":{"dataType":"Autofill", "deleted":"0", "process_failed_to_decrypt":"0", "process_pending_decryption":"0", "process_success":"77", "total":"77"}}
{"logTime": "0714/181837", "correlationVector":"fu8WiG+LZBZXegmgyZ+65Y.4","action":"ProcessGetUpdates", "result":"Done", "context":{"dataType":"Extensions", "deleted":"0", "process_failed_to_decrypt":"0", "process_pending_decryption":"0", "process_success":"2", "total":"2"}}
{"logTime": "0714/181837", "correlationVector":"fu8WiG+LZBZXegmgyZ+65Y.5","action":"ProcessGetUpdates", "result":"Done", "context":{"dataType":"Sessions", "deleted":"95", "process_failed_to_decrypt":"0", "process_pending_decryption":"0", "process_success":"95", "total":"95"}}
{"logTime": "0714/181837", "correlationVector":"fu8WiG+LZBZXegmgyZ+65Y.6","action":"ProcessGetUpdates", "result":"Done", "context":{"dataType":"Web Apps", "deleted":"0", "process_failed_to_decrypt":"0", "process_pending_decryption":"0", "process_success":"1", "total":"1"}}
{"logTime": "0714/181837", "correlationVector":"fu8WiG+LZBZXegmgyZ+65Y.7","action":"ProcessGetUpdates", "result":"Done", "context":{"dataType":"Edge Hub App Usage", "deleted":"13", "process_failed_to_decrypt":"0", "process_pending_decryption":"0", "process_success":"27", "total":"27"}}
{"logTime": "0714/181837", "correlationVector":"fu8WiG+LZBZXegmgyZ+65Y.8","action":"GetUpdates Response", "result":"Success", "context":Received 212 update(s). cV=fu8WiG+LZBZXegmgyZ+65Y.0;server=akswtt10600000r;cloudType=Consumer;environment=Prod_southindia_prod-s01-004-apac-southindia;migrationStage=NotStarted}
{"logTime": "0714/181838", "correlationVector":"B1nExfe7pzfDqjGBMeOfZN","action":"Initial GetUpdates", "result":"", "context":Reason: NEWLY_SUPPORTED_DATATYPE. cV=B1nExfe7pzfDqjGBMeOfZN}
{"logTime": "0714/181839", "correlationVector":"B1nExfe7pzfDqjGBMeOfZN.1","action":"SyncServerConnectionManagerRequest", "result":"SYNC_SERVER_OK", "context":{"environment":"Prod_southindia_prod-s01-004-apac-southindia", "migrationStage":"NotStarted", "server":"akswtt106000022"}}
{"logTime": "0714/181839", "correlationVector":"B1nExfe7pzfDqjGBMeOfZN.2","action":"ProcessGetUpdates", "result":"Done", "context":{"dataType":"History", "deleted":"0", "process_failed_to_decrypt":"0", "process_pending_decryption":"0", "process_success":"188", "total":"188"}}
{"logTime": "0714/181839", "correlationVector":"B1nExfe7pzfDqjGBMeOfZN.3","action":"GetUpdates Response", "result":"Success", "context":Received 188 update(s). cV=B1nExfe7pzfDqjGBMeOfZN.0;server=akswtt106000022;cloudType=Consumer;environment=Prod_southindia_prod-s01-004-apac-southindia;migrationStage=NotStarted}
{"logTime": "0714/181839", "correlationVector":"LFa1KSfqfLaSoRjHC+UW+Q","action":"Normal GetUpdate request", "result":"", "context":cV=LFa1KSfqfLaSoRjHC+UW+Q
Nudged types: Sessions, Device Info, User Consents
Refresh requested types: Bookmarks, Preferences, Passwords, Autofill Profiles, Autofill, Extensions, Sessions, Extension settings, History Delete Directives, Device Info, User Consents, Send Tab To Self, Web Apps, History, Saved Tab Group, WebAuthn Credentials, Edge E Drop, Edge Hub App Usage, Edge Workspace, Encryption Keys}
{"logTime": "0714/181841", "correlationVector":"LFa1KSfqfLaSoRjHC+UW+Q.1","action":"SyncServerConnectionManagerRequest", "result":"SYNC_SERVER_OK", "context":{"environment":"Prod_southindia_prod-s01-004-apac-southindia", "migrationStage":"NotStarted", "server":"akswtt10600000r"}}
{"logTime": "0714/181841", "correlationVector":"LFa1KSfqfLaSoRjHC+UW+Q.2","action":"GetUpdates Response", "result":"Success", "context":Received 0 update(s). cV=LFa1KSfqfLaSoRjHC+UW+Q.0;server=akswtt10600000r;cloudType=Consumer;environment=Prod_southindia_prod-s01-004-apac-southindia;migrationStage=NotStarted}
{"logTime": "0714/181841", "correlationVector":"JM5ICu3wiKhcqY+5gZDdT/","action":"DoCompareDataConsistency requsted types: ", "result":"Bookmarks, Preferences, Passwords, Extensions, Extension settings, History Delete Directives, Send Tab To Self, Web Apps, History, Saved Tab Group, WebAuthn Credentials, Edge E Drop, Edge Workspace, Encryption Keys"}
{"logTime": "0714/181841", "correlationVector":"JM5ICu3wiKhcqY+5gZDdT/.0","action":"CompareDataConsistency result: ", "result":"Compare result: Encryption Keys is consistent. local entities count is: 1 local entities hash is: Nean0m/B67OipLFGi7GxZcfbqzo="}
{"logTime": "0714/181841", "correlationVector":"JM5ICu3wiKhcqY+5gZDdT/.1","action":"CompareDataConsistency result: ", "result":"Compare result: Bookmarks is consistent. local entities count is: 0 local entities hash is: "}
{"logTime": "0714/181841", "correlationVector":"JM5ICu3wiKhcqY+5gZDdT/.2","action":"CompareDataConsistency result: ", "result":"Compare result: Preferences is consistent. local entities count is: 61 local entities hash is: itNKiIWtu5Gzk4mj2je21bubBcI="}
{"logTime": "0714/181841", "correlationVector":"JM5ICu3wiKhcqY+5gZDdT/.3","action":"CompareDataConsistency result: ", "result":"Compare result: Extensions is consistent. local entities count is: 2 local entities hash is: yUEQPHXMM+3O8454Kdg+yXPAhao="}
{"logTime": "0714/181841", "correlationVector":"JM5ICu3wiKhcqY+5gZDdT/.4","action":"CompareDataConsistency result: ", "result":"Compare result: Extension settings is consistent. local entities count is: 0 local entities hash is: "}
{"logTime": "0714/181841", "correlationVector":"JM5ICu3wiKhcqY+5gZDdT/.5","action":"CompareDataConsistency result: ", "result":"Compare result: History Delete Directives is consistent. local entities count is: 0 local entities hash is: "}
{"logTime": "0714/181841", "correlationVector":"JM5ICu3wiKhcqY+5gZDdT/.6","action":"CompareDataConsistency result: ", "result":"Server did not send this Send Tab To Self local entities count is: 0 local entities hash is: "}
{"logTime": "0714/181841", "correlationVector":"JM5ICu3wiKhcqY+5gZDdT/.7","action":"CompareDataConsistency result: ", "result":"Compare result: Web Apps is consistent. local entities count is: 11 local entities hash is: d5Z1hna+rJxvJGEj9ZqMBrFLlIQ="}
{"logTime": "0714/181841", "correlationVector":"JM5ICu3wiKhcqY+5gZDdT/.8","action":"CompareDataConsistency result: ", "result":"Server did not send this History local entities count is: 0 local entities hash is: "}
{"logTime": "0714/181841", "correlationVector":"JM5ICu3wiKhcqY+5gZDdT/.9","action":"CompareDataConsistency result: ", "result":"Compare result: Saved Tab Group is consistent. local entities count is: 0 local entities hash is: "}
{"logTime": "0714/181841", "correlationVector":"JM5ICu3wiKhcqY+5gZDdT/.10","action":"CompareDataConsistency result: ", "result":"Server did not send this WebAuthn Credentials local entities count is: 0 local entities hash is: "}
{"logTime": "0714/181841", "correlationVector":"JM5ICu3wiKhcqY+5gZDdT/.11","action":"CompareDataConsistency result: ", "result":"Compare result: Edge E Drop is consistent. local entities count is: 0 local entities hash is: "}
{"logTime": "0714/181841", "correlationVector":"JM5ICu3wiKhcqY+5gZDdT/.12","action":"CompareDataConsistency result: ", "result":"Server did not send this Edge Workspace local entities count is: 0 local entities hash is: "}
{"logTime": "0714/181841", "correlationVector":"JM5ICu3wiKhcqY+5gZDdT/.13","action":"CompareDataConsistency result: ", "result":"Compare result: Passwords is consistent. local entities count is: 21 local entities hash is: 765AdtP8Q/9q9THO7MBidiwm1wQ="}
{"logTime": "0714/181841", "correlationVector":"G9NvRcWvJHscJ4qznzILmW","action":"Commit Request", "result":"", "context":Item count: 4
Contributing types: Sessions, Device Info, User Consents}
{"logTime": "0714/181843", "correlationVector":"G9NvRcWvJHscJ4qznzILmW.1","action":"SyncServerConnectionManagerRequest", "result":"SYNC_SERVER_OK", "context":{"environment":"Prod_southindia_prod-s01-004-apac-southindia", "migrationStage":"NotStarted", "server":"akswtt10600001z"}}
{"logTime": "0714/181843", "correlationVector":"G9NvRcWvJHscJ4qznzILmW.2","action":"Commit Response", "result":"Success", "context":Result: Success. cV=G9NvRcWvJHscJ4qznzILmW.0;server=akswtt10600001z;cloudType=Consumer;environment=Prod_southindia_prod-s01-004-apac-southindia;migrationStage=NotStarted}
{"logTime": "0714/181843", "correlationVector":"","action":"DIAGNOSTIC_REQUEST|v1/diagnosticData/Diagnostic.SendCheckResult()|SUCCESS", "result":""}
{"logTime": "0714/181851", "correlationVector":"T+VobE+OgRyveX+aNAfssw","action":"Commit Request", "result":"", "context":Item count: 1
Contributing types: Edge Hub App Usage}
{"logTime": "0714/181852", "correlationVector":"T+VobE+OgRyveX+aNAfssw.1","action":"SyncServerConnectionManagerRequest", "result":"SYNC_SERVER_OK", "context":{"environment":"Prod_southindia_prod-s01-004-apac-southindia", "migrationStage":"NotStarted", "server":"akswtt106000023"}}
{"logTime": "0714/181852", "correlationVector":"T+VobE+OgRyveX+aNAfssw.2","action":"Commit Response", "result":"Success", "context":Result: Success. cV=T+VobE+OgRyveX+aNAfssw.0;server=akswtt106000023;cloudType=Consumer;environment=Prod_southindia_prod-s01-004-apac-southindia;migrationStage=NotStarted}
{"logTime": "0714/181915", "correlationVector":"b5NEOB1HRCNfxp90d2seE6","action":"Commit Request", "result":"", "context":Item count: 21
Contributing types: Passwords}
{"logTime": "0714/181923", "correlationVector":"b5NEOB1HRCNfxp90d2seE6.1","action":"SyncServerConnectionManagerRequest", "result":"SYNC_SERVER_ERROR", "context":{"environment":"Prod_southindia_prod-s01-004-apac-southindia", "error_type":"http_status_code", "error_value":"400", "migrationStage":"NotStarted", "server":"akswtt10600000i"}}
{"logTime": "0714/181923", "correlationVector":"b5NEOB1HRCNfxp90d2seE6.2","action":"Commit Response", "result":"HTTP error (400)", "context":Result: HTTP error (400). cV=b5NEOB1HRCNfxp90d2seE6.0;server=akswtt10600000i;cloudType=Consumer;environment=Prod_southindia_prod-s01-004-apac-southindia;migrationStage=NotStarted}
{"logTime": "0714/182008", "correlationVector":"9gSrvZVK//eNE+LUAiV9HT","action":"Commit Request", "result":"", "context":Item count: 21
Contributing types: Passwords}
{"logTime": "0714/182016", "correlationVector":"9gSrvZVK//eNE+LUAiV9HT.1","action":"SyncServerConnectionManagerRequest", "result":"SYNC_SERVER_OK", "context":{"environment":"Prod_southindia_prod-s01-004-apac-southindia", "migrationStage":"NotStarted", "server":"akswtt106000002"}}
{"logTime": "0714/182016", "correlationVector":"9gSrvZVK//eNE+LUAiV9HT.2","action":"Commit Response", "result":"Success", "context":Result: Success. cV=9gSrvZVK//eNE+LUAiV9HT.0;server=akswtt106000002;cloudType=Consumer;environment=Prod_southindia_prod-s01-004-apac-southindia;migrationStage=NotStarted}
{"logTime": "0714/182101", "correlationVector":"bYwdw1VItnhok9aibj6YzV","action":"Commit Request", "result":"", "context":Item count: 6
Contributing types: Sessions, History}
{"logTime": "0714/182103", "correlationVector":"bYwdw1VItnhok9aibj6YzV.1","action":"SyncServerConnectionManagerRequest", "result":"SYNC_SERVER_OK", "context":{"environment":"Prod_southindia_prod-s01-004-apac-southindia", "migrationStage":"NotStarted", "server":"akswtt106000027"}}
{"logTime": "0714/182103", "correlationVector":"bYwdw1VItnhok9aibj6YzV.2","action":"Commit Response", "result":"Success", "context":Result: Success. cV=bYwdw1VItnhok9aibj6YzV.0;server=akswtt106000027;cloudType=Consumer;environment=Prod_southindia_prod-s01-004-apac-southindia;migrationStage=NotStarted}
{"logTime": "0714/182252", "correlationVector":"4QrGyHsYTTtrbwGn4fwcpd","action":"Commit Request", "result":"", "context":Item count: 3
Contributing types: Sessions, History}
{"logTime": "0714/182253", "correlationVector":"4QrGyHsYTTtrbwGn4fwcpd.1","action":"SyncServerConnectionManagerRequest", "result":"SYNC_SERVER_OK", "context":{"environment":"Prod_southindia_prod-s01-004-apac-southindia", "migrationStage":"NotStarted", "server":"akswtt106000022"}}
{"logTime": "0714/182253", "correlationVector":"4QrGyHsYTTtrbwGn4fwcpd.2","action":"Commit Response", "result":"Success", "context":Result: Success. cV=4QrGyHsYTTtrbwGn4fwcpd.0;server=akswtt106000022;cloudType=Consumer;environment=Prod_southindia_prod-s01-004-apac-southindia;migrationStage=NotStarted}
{"logTime": "0714/182639", "correlationVector":"y/LHlFWZ3+5svvD/QIGiar.1","action":"SyncServerConnectionManagerRequest", "result":"SYNC_SERVER_OK", "context":{"environment":"Prod_southindia_prod-s01-004-apac-southindia", "migrationStage":"NotStarted", "server":"akswtt10600000f"}}
{"logTime": "0714/182639", "correlationVector":"y/LHlFWZ3+5svvD/QIGiar.2","action":"ProcessGetUpdates", "result":"Done", "context":{"dataType":"Encryption Keys", "deleted":"0", "process_failed_to_decrypt":"0", "process_pending_decryption":"0", "process_success":"1", "total":"1"}}
{"logTime": "0714/182646", "correlationVector":"7zTBuW4j3EAJBeOM88xRwC","action":"SyncServerConnectionManagerRequest", "result":"SYNC_SERVER_OK", "context":{"environment":"", "migrationStage":"", "server":""}}
{"logTime": "0714/182646", "correlationVector":"7zTBuW4j3EAJBeOM88xRwC.0","action":"EncryptionKeysFetcher.DownloadKeys:", "result":"Success", "context":Key count: 3, Last key timestamp: 2026-04-27T03:33:17Z}
{"logTime": "0714/182646", "correlationVector":"7zTBuW4j3EAJBeOM88xRwC.1","action":"EncryptionKeysManager::SetEncryptionKeys:", "result":"Success", "context":Key names[3]:[ckvv1qDP29y+zYBdaJismLHY/imWopf9u3O0AS2f3O+96YzoYwO9x+trKDF1DBKAkxF1lM6ev/2mHyJr1uNHXg==][zQzd/D+Dn+GWn5DE6rWk2caTmf3sUgfGjDJZJto6QfeZaQCz3mqOCKYGMfiSGKBbL7L6R5K3fHx+UYopGopaGg==][wIF6XGrcfKpE9YDUP6J4R/xa5MbCVfpRdaetme8XEuDtCEEKSYzr0sToORp6M7zx5DJn2cd4RlvZ1E+soO4xdA==]}
{"logTime": "0714/182646", "correlationVector":"7zTBuW4j3EAJBeOM88xRwC.2","action":"EncryptionKeysManager::SetEncryptionKeysWithTimestamps:", "result":"Success", "context":Key timestamps[3]:[2025-03-30T08:03:36Z][2025-10-16T09:21:56Z][2026-04-27T03:33:17Z]}
{"logTime": "0714/182646", "correlationVector":"y/LHlFWZ3+5svvD/QIGiar","action":"Initial GetUpdates", "result":"", "context":Reason: NEW_CLIENT. cV=y/LHlFWZ3+5svvD/QIGiar}
{"logTime": "0714/182646", "correlationVector":"y/LHlFWZ3+5svvD/QIGiar.3","action":"GetUpdates Response", "result":"Success", "context":Received 1 update(s). cV=y/LHlFWZ3+5svvD/QIGiar.0;server=akswtt10600000f;cloudType=Consumer;environment=Prod_southindia_prod-s01-004-apac-southindia;migrationStage=NotStarted}
{"logTime": "0714/182646", "correlationVector":"+a+9pNh/9OsQvd9PL4codc","action":"Initial GetUpdates", "result":"", "context":Reason: NEWLY_SUPPORTED_DATATYPE. cV=+a+9pNh/9OsQvd9PL4codc}
{"logTime": "0714/182652", "correlationVector":"+a+9pNh/9OsQvd9PL4codc.1","action":"SyncServerConnectionManagerRequest", "result":"SYNC_SERVER_OK", "context":{"environment":"Prod_southindia_prod-s01-004-apac-southindia", "migrationStage":"NotStarted", "server":"akswtt10600001p"}}
{"logTime": "0714/182652", "correlationVector":"+a+9pNh/9OsQvd9PL4codc.2","action":"ProcessGetUpdates", "result":"Done", "context":{"dataType":"Passwords", "deleted":"0", "process_failed_to_decrypt":"0", "process_pending_decryption":"0", "process_success":"21", "total":"21"}}
{"logTime": "0714/182652", "correlationVector":"+a+9pNh/9OsQvd9PL4codc.3","action":"GetUpdates Response", "result":"Success", "context":Received 21 update(s). cV=+a+9pNh/9OsQvd9PL4codc.0;server=akswtt10600001p;cloudType=Consumer;environment=Prod_southindia_prod-s01-004-apac-southindia;migrationStage=NotStarted}
{"logTime": "0714/182652", "correlationVector":"UccjlgcidUXA48tm2w/ptB","action":"Normal GetUpdate request", "result":"", "context":cV=UccjlgcidUXA48tm2w/ptB
Nudged types: Preferences, Sessions, History
Refresh requested types: Bookmarks, Preferences, Passwords, Autofill Profiles, Autofill, Extensions, Sessions, Extension settings, History Delete Directives, Device Info, User Consents, Send Tab To Self, Web Apps, History, Saved Tab Group, WebAuthn Credentials, Edge E Drop, Edge Hub App Usage, Edge Workspace, Encryption Keys}
{"logTime": "0714/182653", "correlationVector":"UccjlgcidUXA48tm2w/ptB.1","action":"SyncServerConnectionManagerRequest", "result":"SYNC_SERVER_OK", "context":{"environment":"Prod_southindia_prod-s01-004-apac-southindia", "migrationStage":"NotStarted", "server":"akswtt106000023"}}
{"logTime": "0714/182653", "correlationVector":"UccjlgcidUXA48tm2w/ptB.2","action":"ProcessGetUpdates", "result":"Done", "context":{"dataType":"Sessions", "deleted":"0", "process_failed_to_decrypt":"0", "process_pending_decryption":"0", "process_success":"2", "total":"2"}}
{"logTime": "0714/182653", "correlationVector":"UccjlgcidUXA48tm2w/ptB.3","action":"ProcessGetUpdates", "result":"Done", "context":{"dataType":"Device Info", "deleted":"0", "process_failed_to_decrypt":"0", "process_pending_decryption":"0", "process_success":"1", "total":"1"}}
{"logTime": "0714/182653", "correlationVector":"UccjlgcidUXA48tm2w/ptB.4","action":"ProcessGetUpdates", "result":"Done", "context":{"dataType":"History", "deleted":"0", "process_failed_to_decrypt":"0", "process_pending_decryption":"0", "process_success":"6", "total":"6"}}
{"logTime": "0714/182653", "correlationVector":"UccjlgcidUXA48tm2w/ptB.5","action":"ProcessGetUpdates", "result":"Done", "context":{"dataType":"Edge Hub App Usage", "deleted":"0", "process_failed_to_decrypt":"0", "process_pending_decryption":"0", "process_success":"1", "total":"1"}}
{"logTime": "0714/182653", "correlationVector":"UccjlgcidUXA48tm2w/ptB.6","action":"GetUpdates Response", "result":"Success", "context":Received 10 update(s). cV=UccjlgcidUXA48tm2w/ptB.0;server=akswtt106000023;cloudType=Consumer;environment=Prod_southindia_prod-s01-004-apac-southindia;migrationStage=NotStarted}
{"logTime": "0714/182659", "correlationVector":"83kNn9mkbpULF5W/llQULF","action":"Commit Request", "result":"", "context":Item count: 7
Contributing types: Preferences, Sessions, History}
{"logTime": "0714/182703", "correlationVector":"83kNn9mkbpULF5W/llQULF.1","action":"SyncServerConnectionManagerRequest", "result":"SYNC_SERVER_OK", "context":{"environment":"Prod_southindia_prod-s01-004-apac-southindia", "migrationStage":"NotStarted", "server":"akswtt10600002h"}}
{"logTime": "0714/182703", "correlationVector":"83kNn9mkbpULF5W/llQULF.2","action":"Commit Response", "result":"Success", "context":Result: Success. cV=83kNn9mkbpULF5W/llQULF.0;server=akswtt10600002h;cloudType=Consumer;environment=Prod_southindia_prod-s01-004-apac-southindia;migrationStage=NotStarted}
{"logTime": "0714/182703", "correlationVector":"83kNn9mkbpULF5W/llQULF.3","action":"Commit.Sessions", "result":"Success", "context":{"id":"8ed7fc0c-2c7f-405f-9ceb-849ee30399b2", "isDeleted":"true", "size":"0", "version":"1784053372563"}}
{"logTime": "0714/182706", "correlationVector":"YNuLmRj4O9/0uhyz8jRS6h","action":"Commit Request", "result":"", "context":Item count: 16
Contributing types: Preferences, Passwords}
{"logTime": "0714/182711", "correlationVector":"YNuLmRj4O9/0uhyz8jRS6h.1","action":"SyncServerConnectionManagerRequest", "result":"SYNC_SERVER_OK", "context":{"environment":"Prod_southindia_prod-s01-004-apac-southindia", "migrationStage":"NotStarted", "server":"akswtt10600002i"}}
{"logTime": "0714/182711", "correlationVector":"YNuLmRj4O9/0uhyz8jRS6h.2","action":"Commit Response", "result":"Success", "context":Result: Success. cV=YNuLmRj4O9/0uhyz8jRS6h.0;server=akswtt10600002i;cloudType=Consumer;environment=Prod_southindia_prod-s01-004-apac-southindia;migrationStage=NotStarted}
{"logTime": "0714/183047", "correlationVector":"u91r6fMDOP4Y2Tg3FNTQO3.1","action":"SyncServerConnectionManagerRequest", "result":"SYNC_SERVER_OK", "context":{"environment":"Prod_southindia_prod-s01-004-apac-southindia", "migrationStage":"NotStarted", "server":"akswtt10600002z"}}
{"logTime": "0714/183047", "correlationVector":"u91r6fMDOP4Y2Tg3FNTQO3.2","action":"ProcessGetUpdates", "result":"Done", "context":{"dataType":"Encryption Keys", "deleted":"0", "process_failed_to_decrypt":"0", "process_pending_decryption":"0", "process_success":"1", "total":"1"}}
{"logTime": "0714/183049", "correlationVector":"RlJkxtz/XdwTLmArKMAmHI","action":"SyncServerConnectionManagerRequest", "result":"SYNC_SERVER_ERROR", "context":{"environment":"", "error_type":"http_status_code", "error_value":"400", "migrationStage":"", "server":""}}
{"logTime": "0714/183049", "correlationVector":"u91r6fMDOP4Y2Tg3FNTQO3","action":"Initial GetUpdates", "result":"", "context":Reason: NEW_CLIENT. cV=u91r6fMDOP4Y2Tg3FNTQO3}
{"logTime": "0714/183049", "correlationVector":"u91r6fMDOP4Y2Tg3FNTQO3.3","action":"GetUpdates Response", "result":"Success", "context":Received 1 update(s). cV=u91r6fMDOP4Y2Tg3FNTQO3.0;server=akswtt10600002z;cloudType=Consumer;environment=Prod_southindia_prod-s01-004-apac-southindia;migrationStage=NotStarted}
{"logTime": "0714/183049", "correlationVector":"/i0S2EJVcgLZblpCW4vs7H","action":"Initial GetUpdates", "result":"", "context":Reason: NEWLY_SUPPORTED_DATATYPE. cV=/i0S2EJVcgLZblpCW4vs7H}
{"logTime": "0714/183051", "correlationVector":"/i0S2EJVcgLZblpCW4vs7H.1","action":"SyncServerConnectionManagerRequest", "result":"SYNC_SERVER_OK", "context":{"environment":"Prod_southindia_prod-s01-004-apac-southindia", "migrationStage":"NotStarted", "server":"akswtt10600002l"}}
{"logTime": "0714/183051", "correlationVector":"/i0S2EJVcgLZblpCW4vs7H.2","action":"ProcessGetUpdates", "result":"Done", "context":{"dataType":"Device Info", "deleted":"0", "process_failed_to_decrypt":"0", "process_pending_decryption":"0", "process_success":"19", "total":"19"}}
{"logTime": "0714/183051", "correlationVector":"/i0S2EJVcgLZblpCW4vs7H.3","action":"GetUpdates Response", "result":"Success", "context":Received 19 update(s). cV=/i0S2EJVcgLZblpCW4vs7H.0;server=akswtt10600002l;cloudType=Consumer;environment=Prod_southindia_prod-s01-004-apac-southindia;migrationStage=NotStarted}
{"logTime": "0714/183052", "correlationVector":"mfipE97QTD+K2t8GpnBB8j","action":"SyncServerConnectionManagerRequest", "result":"SYNC_SERVER_ERROR", "context":{"environment":"", "error_type":"http_status_code", "error_value":"400", "migrationStage":"", "server":""}}
{"logTime": "0714/183052", "correlationVector":"43qSVyOweHeynSB9ByufOn","action":"Initial GetUpdates", "result":"", "context":Reason: NEWLY_SUPPORTED_DATATYPE. cV=43qSVyOweHeynSB9ByufOn}
{"logTime": "0714/183054", "correlationVector":"43qSVyOweHeynSB9ByufOn.1","action":"SyncServerConnectionManagerRequest", "result":"SYNC_SERVER_OK", "context":{"environment":"Prod_southindia_prod-s01-004-apac-southindia", "migrationStage":"NotStarted", "server":"akswtt10600001y"}}
{"logTime": "0714/183054", "correlationVector":"43qSVyOweHeynSB9ByufOn.2","action":"ProcessGetUpdates", "result":"Done", "context":{"dataType":"Bookmarks", "deleted":"0", "process_failed_to_decrypt":"0", "process_pending_decryption":"0", "process_success":"6", "total":"6"}}
{"logTime": "0714/183054", "correlationVector":"43qSVyOweHeynSB9ByufOn.3","action":"ProcessGetUpdates", "result":"Done", "context":{"dataType":"Preferences", "deleted":"0", "process_failed_to_decrypt":"0", "process_pending_decryption":"0", "process_success":"63", "total":"63"}}
{"logTime": "0714/183054", "correlationVector":"43qSVyOweHeynSB9ByufOn.4","action":"ProcessGetUpdates", "result":"Done", "context":{"dataType":"Extensions", "deleted":"0", "process_failed_to_decrypt":"0", "process_pending_decryption":"0", "process_success":"2", "total":"2"}}
{"logTime": "0714/183054", "correlationVector":"43qSVyOweHeynSB9ByufOn.5","action":"ProcessGetUpdates", "result":"Done", "context":{"dataType":"Sessions", "deleted":"97", "process_failed_to_decrypt":"0", "process_pending_decryption":"0", "process_success":"99", "total":"99"}}
{"logTime": "0714/183054", "correlationVector":"43qSVyOweHeynSB9ByufOn.6","action":"ProcessGetUpdates", "result":"Done", "context":{"dataType":"Web Apps", "deleted":"0", "process_failed_to_decrypt":"0", "process_pending_decryption":"0", "process_success":"11", "total":"11"}}
{"logTime": "0714/183054", "correlationVector":"43qSVyOweHeynSB9ByufOn.7","action":"ProcessGetUpdates", "result":"Done", "context":{"dataType":"Edge Hub App Usage", "deleted":"13", "process_failed_to_decrypt":"0", "process_pending_decryption":"0", "process_success":"28", "total":"28"}}
{"logTime": "0714/183054", "correlationVector":"43qSVyOweHeynSB9ByufOn.8","action":"GetUpdates Response", "result":"Success", "context":Received 209 update(s). cV=43qSVyOweHeynSB9ByufOn.0;server=akswtt10600001y;cloudType=Consumer;environment=Prod_southindia_prod-s01-004-apac-southindia;migrationStage=NotStarted}
{"logTime": "0714/183055", "correlationVector":"wxnD3kwq7tKKIrg4YYWAwR","action":"SyncServerConnectionManagerRequest", "result":"SYNC_SERVER_ERROR", "context":{"environment":"", "error_type":"http_status_code", "error_value":"400", "migrationStage":"", "server":""}}
{"logTime": "0714/183055", "correlationVector":"IXZQuRDI+UYtbzzgT95voS","action":"Initial GetUpdates", "result":"", "context":Reason: NEWLY_SUPPORTED_DATATYPE. cV=IXZQuRDI+UYtbzzgT95voS}
{"logTime": "0714/183058", "correlationVector":"IXZQuRDI+UYtbzzgT95voS.1","action":"SyncServerConnectionManagerRequest", "result":"SYNC_SERVER_OK", "context":{"environment":"Prod_southindia_prod-s01-004-apac-southindia", "migrationStage":"NotStarted", "server":"akswtt10600000c"}}
{"logTime": "0714/183058", "correlationVector":"IXZQuRDI+UYtbzzgT95voS.2","action":"ProcessGetUpdates", "result":"Done", "context":{"dataType":"History", "deleted":"0", "process_failed_to_decrypt":"0", "process_pending_decryption":"0", "process_success":"194", "total":"194"}}
{"logTime": "0714/183058", "correlationVector":"IXZQuRDI+UYtbzzgT95voS.3","action":"GetUpdates Response", "result":"Success", "context":Received 194 update(s). cV=IXZQuRDI+UYtbzzgT95voS.0;server=akswtt10600000c;cloudType=Consumer;environment=Prod_southindia_prod-s01-004-apac-southindia;migrationStage=NotStarted}
{"logTime": "0714/183100", "correlationVector":"JiZHy3xhBId6NumWu5xt7m","action":"SyncServerConnectionManagerRequest", "result":"SYNC_SERVER_ERROR", "context":{"environment":"", "error_type":"http_status_code", "error_value":"400", "migrationStage":"", "server":""}}
{"logTime": "0714/183100", "correlationVector":"rPRPzf5BvGRw4w+S7RTVvL","action":"Normal GetUpdate request", "result":"", "context":cV=rPRPzf5BvGRw4w+S7RTVvL
Nudged types: Sessions, Device Info
Refresh requested types: Bookmarks, Preferences, Extensions, Sessions, Extension settings, History Delete Directives, Device Info, User Consents, Send Tab To Self, Web Apps, History, Saved Tab Group, WebAuthn Credentials, Edge E Drop, Edge Hub App Usage, Edge Workspace, Encryption Keys}
{"logTime": "0714/183102", "correlationVector":"rPRPzf5BvGRw4w+S7RTVvL.1","action":"SyncServerConnectionManagerRequest", "result":"SYNC_SERVER_OK", "context":{"environment":"Prod_southindia_prod-s01-004-apac-southindia", "migrationStage":"NotStarted", "server":"akswtt10600000i"}}
{"logTime": "0714/183102", "correlationVector":"rPRPzf5BvGRw4w+S7RTVvL.2","action":"GetUpdates Response", "result":"Success", "context":Received 0 update(s). cV=rPRPzf5BvGRw4w+S7RTVvL.0;server=akswtt10600000i;cloudType=Consumer;environment=Prod_southindia_prod-s01-004-apac-southindia;migrationStage=NotStarted}
{"logTime": "0714/183102", "correlationVector":"u8kcW60UuXH0Oxb7QJYJcS","action":"Commit Request", "result":"", "context":Item count: 3
Contributing types: Sessions, Device Info}
{"logTime": "0714/183103", "correlationVector":"u8kcW60UuXH0Oxb7QJYJcS.1","action":"SyncServerConnectionManagerRequest", "result":"SYNC_SERVER_OK", "context":{"environment":"Prod_southindia_prod-s01-004-apac-southindia", "migrationStage":"NotStarted", "server":"akswtt10600000i"}}
{"logTime": "0714/183103", "correlationVector":"u8kcW60UuXH0Oxb7QJYJcS.2","action":"Commit Response", "result":"Success", "context":Result: Success. cV=u8kcW60UuXH0Oxb7QJYJcS.0;server=akswtt10600000i;cloudType=Consumer;environment=Prod_southindia_prod-s01-004-apac-southindia;migrationStage=NotStarted}
{"logTime": "0714/183104", "correlationVector":"yh88Tqvj8Q3l7+zBJsKCVZ","action":"SyncServerConnectionManagerRequest", "result":"SYNC_SERVER_ERROR", "context":{"environment":"", "error_type":"http_status_code", "error_value":"400", "migrationStage":"", "server":""}}
{"logTime": "0714/183400", "correlationVector":"FuX51dX+L07zZtHBberzxx","action":"Commit Request", "result":"", "context":Item count: 2
Contributing types: Preferences, Sessions}
{"logTime": "0714/183402", "correlationVector":"FuX51dX+L07zZtHBberzxx.1","action":"SyncServerConnectionManagerRequest", "result":"SYNC_SERVER_OK", "context":{"environment":"Prod_southindia_prod-s01-004-apac-southindia", "migrationStage":"NotStarted", "server":"akswtt106000025"}}
{"logTime": "0714/183402", "correlationVector":"FuX51dX+L07zZtHBberzxx.2","action":"Commit Response", "result":"Success", "context":Result: Success. cV=FuX51dX+L07zZtHBberzxx.0;server=akswtt106000025;cloudType=Consumer;environment=Prod_southindia_prod-s01-004-apac-southindia;migrationStage=NotStarted}
{"logTime": "0714/183404", "correlationVector":"1emF1qgiZ67emg7D3jlk6A","action":"Commit Request", "result":"", "context":Item count: 4
Contributing types: Preferences, Sessions, History}
{"logTime": "0714/183406", "correlationVector":"1emF1qgiZ67emg7D3jlk6A.1","action":"SyncServerConnectionManagerRequest", "result":"SYNC_SERVER_OK", "context":{"environment":"Prod_southindia_prod-s01-004-apac-southindia", "migrationStage":"NotStarted", "server":"akswtt10600000s"}}
{"logTime": "0714/183406", "correlationVector":"1emF1qgiZ67emg7D3jlk6A.2","action":"Commit Response", "result":"Success", "context":Result: Success. cV=1emF1qgiZ67emg7D3jlk6A.0;server=akswtt10600000s;cloudType=Consumer;environment=Prod_southindia_prod-s01-004-apac-southindia;migrationStage=NotStarted}
{"logTime": "0714/183519", "correlationVector":"j/ToKp5fYYYE+K75OdnSuQ","action":"Commit Request", "result":"", "context":Item count: 3
Contributing types: Sessions, History}
{"logTime": "0714/183521", "correlationVector":"j/ToKp5fYYYE+K75OdnSuQ.1","action":"SyncServerConnectionManagerRequest", "result":"SYNC_SERVER_OK", "context":{"environment":"Prod_southindia_prod-s01-004-apac-southindia", "migrationStage":"NotStarted", "server":"akswtt10600000z"}}
{"logTime": "0714/183521", "correlationVector":"j/ToKp5fYYYE+K75OdnSuQ.2","action":"Commit Response", "result":"Success", "context":Result: Success. cV=j/ToKp5fYYYE+K75OdnSuQ.0;server=akswtt10600000z;cloudType=Consumer;environment=Prod_southindia_prod-s01-004-apac-southindia;migrationStage=NotStarted}
{"logTime": "0714/184452", "correlationVector":"QaBV4QpnXvFUia7++k0US4","action":"Commit Request", "result":"", "context":Item count: 8
Contributing types: Sessions, History}
{"logTime": "0714/184506", "correlationVector":"QaBV4QpnXvFUia7++k0US4.1","action":"SyncServerConnectionManagerRequest", "result":"SYNC_SERVER_OK", "context":{"environment":"Prod_southindia_prod-s01-004-apac-southindia", "migrationStage":"NotStarted", "server":"akswtt10600000s"}}
{"logTime": "0714/184506", "correlationVector":"QaBV4QpnXvFUia7++k0US4.2","action":"Commit Response", "result":"Success", "context":Result: Success. cV=QaBV4QpnXvFUia7++k0US4.0;server=akswtt10600000s;cloudType=Consumer;environment=Prod_southindia_prod-s01-004-apac-southindia;migrationStage=NotStarted}
{"logTime": "0714/184506", "correlationVector":"QaBV4QpnXvFUia7++k0US4.3","action":"Commit.Sessions", "result":"Success", "context":{"id":"162c1004-128d-4271-b851-15ac0caa8f06", "isDeleted":"true", "size":"0", "version":"1784054045239"}}
{"logTime": "0714/190812", "correlationVector":"rFQ89/uffFBWCLOfp3DBKh","action":"Commit Request", "result":"", "context":Item count: 5
Contributing types: Sessions, History}
{"logTime": "0714/190817", "correlationVector":"rFQ89/uffFBWCLOfp3DBKh.1","action":"SyncServerConnectionManagerRequest", "result":"SYNC_SERVER_OK", "context":{"environment":"Prod_southindia_prod-s01-004-apac-southindia", "migrationStage":"NotStarted", "server":"akswtt10600002r"}}
{"logTime": "0714/190817", "correlationVector":"rFQ89/uffFBWCLOfp3DBKh.2","action":"Commit Response", "result":"Success", "context":Result: Success. cV=rFQ89/uffFBWCLOfp3DBKh.0;server=akswtt10600002r;cloudType=Consumer;environment=Prod_southindia_prod-s01-004-apac-southindia;migrationStage=NotStarted}
{"logTime": "0714/190817", "correlationVector":"rFQ89/uffFBWCLOfp3DBKh.3","action":"Commit.Sessions", "result":"Success", "context":{"id":"e3e5d519-d0be-4167-a865-06b7702ce9ba", "isDeleted":"true", "size":"0", "version":"1784054704907"}}
